// Jest Snapshot v1, https://goo.gl/fbAQLP

exports[`credential-format v1 — deserialization hexToUint8Array round-trips the stored public key 1`] = `
Uint8Array [
  4,
  161,
  178,
  195,
  212,
  229,
  246,
  167,
  184,
  201,
  208,
  225,
  242,
  163,
  180,
  197,
  214,
  231,
  248,
  169,
  176,
  193,
  210,
  227,
  244,
  165,
  182,
  199,
  216,
  233,
  240,
  161,
  178,
  195,
  212,
  229,
  246,
  167,
  184,
  201,
  208,
  225,
  242,
  163,
  180,
  197,
  214,
  231,
  248,
  169,
  176,
  193,
  210,
  227,
  244,
  165,
  182,
  199,
  216,
  233,
  240,
  161,
  178,
  195,
  212,
]
`;

exports[`credential-format v1 — fixture schema full fixture matches snapshot 1`] = `
{
  "invisible_wallet_address": "CDLZFC3SYJYDZT7K67VZ75HPJVIEUVNIXF47ZG2FB2RMQQVU2X3KNFMQ",
  "invisible_wallet_key_id": "dGVzdENyZWRlbnRpYWxJZEFBQUFBQUFBQUFBQUFBQT0",
  "invisible_wallet_public_key": "04a1b2c3d4e5f6a7b8c9d0e1f2a3b4c5d6e7f8a9b0c1d2e3f4a5b6c7d8e9f0a1b2c3d4e5f6a7b8c9d0e1f2a3b4c5d6e7f8a9b0c1d2e3f4a5b6c7d8e9f0a1b2c3d4",
}
`;

exports[`credential-format v1 — fixture schema storage keys match snapshot 1`] = `
[
  "invisible_wallet_address",
  "invisible_wallet_key_id",
  "invisible_wallet_public_key",
]
`;
