   Compiling invisible-wallet v0.1.0 (C:\Users\OWNER\veil\contracts\invisible_wallet)
error: no global memory allocator found but one is required; link to std or add `#[global_allocator]` to a static item that implements the GlobalAlloc trait

warning: unexpected `cfg` condition value: `testutils`
  --> src\lib.rs:26:1
   |
26 | #[contract]
   | ^^^^^^^^^^^
   |
   = note: no expected values for `feature`
   = note: using a cfg inside a attribute macro will use the cfgs from the destination crate and not the ones from the defining crate
   = help: try referring to `contract` crate for guidance on how handle this unexpected cfg
   = help: the attribute macro `contract` may come from an old version of the `soroban_sdk_macros` crate, try updating your dependency with `cargo update -p soroban_sdk_macros`
   = note: see <https://doc.rust-lang.org/nightly/rustc/check-cfg/cargo-specifics.html> for more information about checking conditional configuration
   = note: `#[warn(unexpected_cfgs)]` on by default
   = note: this warning originates in the attribute macro `contract` (in Nightly builds, run with -Z macro-backtrace for more info)

warning: unexpected `cfg` condition value: `testutils`
  --> src\lib.rs:29:1
   |
29 | #[contractimpl]
   | ^^^^^^^^^^^^^^^
   |
   = note: no expected values for `feature`
   = note: using a cfg inside a attribute macro will use the cfgs from the destination crate and not the ones from the defining crate
   = help: try referring to `contractimpl` crate for guidance on how handle this unexpected cfg
   = help: the attribute macro `contractimpl` may come from an old version of the `soroban_sdk_macros` crate, try updating your dependency with `cargo update -p soroban_sdk_macros`
   = note: see <https://doc.rust-lang.org/nightly/rustc/check-cfg/cargo-specifics.html> for more information about checking conditional configuration
   = note: this warning originates in the attribute macro `contractimpl` (in Nightly builds, run with -Z macro-backtrace for more info)

warning: unused import: `alloc::string::ToString`
 --> src\auth.rs:6:5
  |
6 | use alloc::string::ToString;
  |     ^^^^^^^^^^^^^^^^^^^^^^^
  |
  = note: `#[warn(unused_imports)]` (part of `#[warn(unused)]`) on by default

warning: unexpected `cfg` condition value: `testutils`
 --> src\storage.rs:3:1
  |
3 | #[contracttype]
  | ^^^^^^^^^^^^^^^
  |
  = note: no expected values for `feature`
  = note: using a cfg inside a attribute macro will use the cfgs from the destination crate and not the ones from the defining crate
  = help: try referring to `contracttype` crate for guidance on how handle this unexpected cfg
  = help: the attribute macro `contracttype` may come from an old version of the `soroban_sdk_macros` crate, try updating your dependency with `cargo update -p soroban_sdk_macros`
  = note: see <https://doc.rust-lang.org/nightly/rustc/check-cfg/cargo-specifics.html> for more information about checking conditional configuration
  = note: this warning originates in the attribute macro `contracttype` (in Nightly builds, run with -Z macro-backtrace for more info)

warning: unexpected `cfg` condition value: `testutils`
  --> src\lib.rs:29:1
   |
29 | #[contractimpl]
   | ^^^^^^^^^^^^^^^
   |
   = note: no expected values for `feature`
   = note: using a cfg inside a attribute macro will use the cfgs from the destination crate and not the ones from the defining crate
   = help: try referring to `soroban_sdk::contractclient` crate for guidance on how handle this unexpected cfg
   = help: the attribute macro `soroban_sdk::contractclient` may come from an old version of the `soroban_sdk_macros` crate, try updating your dependency with `cargo update -p soroban_sdk_macros`
   = note: see <https://doc.rust-lang.org/nightly/rustc/check-cfg/cargo-specifics.html> for more information about checking conditional configuration
   = note: this warning originates in the attribute macro `soroban_sdk::contractclient` (in Nightly builds, run with -Z macro-backtrace for more info)

error[E0277]: the trait bound `auth::alloc::string::String: TryFromVal<Env, soroban_sdk::Val>` is not satisfied
   --> src\auth.rs:115:69
    |
115 |     let rp_id_alloc: alloc::string::String = rp_id_val.try_into_val(_env).unwrap_or_default();
    |                                                        ------------ ^^^^ the trait `TryFromVal<Env, soroban_sdk::Val>` is not implemented for `auth::alloc::string::String`
    |                                                        |
    |                                                        required by a bound introduced by this call
    |
    = help: the following other types implement trait `TryFromVal<E, V>`:
              `()` implements `TryFromVal<E, [soroban_sdk::Val; 0]>`
              `()` implements `TryFromVal<E, soroban_sdk::Val>`
              `()` implements `TryFromVal<Env, ()>`
              `(T0, T1)` implements `TryFromVal<E, [soroban_sdk::Val; N]>`
              `(T0, T1)` implements `TryFromVal<E, soroban_sdk::Val>`
              `(T0, T1, T2)` implements `TryFromVal<E, [soroban_sdk::Val; N]>`
              `(T0, T1, T2)` implements `TryFromVal<E, soroban_sdk::Val>`
              `(T0, T1, T2, T3)` implements `TryFromVal<E, [soroban_sdk::Val; N]>`
            and 261 others
    = note: required for `soroban_sdk::Val` to implement `TryIntoVal<Env, auth::alloc::string::String>`

error[E0277]: the trait bound `auth::alloc::string::String: TryFromVal<Env, soroban_sdk::Val>` is not satisfied
   --> src\auth.rs:130:71
    |
130 |     let origin_alloc: alloc::string::String = origin_val.try_into_val(_env).unwrap_or_default();
    |                                                          ------------ ^^^^ the trait `TryFromVal<Env, soroban_sdk::Val>` is not implemented for `auth::alloc::string::String`
    |                                                          |
    |                                                          required by a bound introduced by this call
    |
    = help: the following other types implement trait `TryFromVal<E, V>`:
              `()` implements `TryFromVal<E, [soroban_sdk::Val; 0]>`
              `()` implements `TryFromVal<E, soroban_sdk::Val>`
              `()` implements `TryFromVal<Env, ()>`
              `(T0, T1)` implements `TryFromVal<E, [soroban_sdk::Val; N]>`
              `(T0, T1)` implements `TryFromVal<E, soroban_sdk::Val>`
              `(T0, T1, T2)` implements `TryFromVal<E, [soroban_sdk::Val; N]>`
              `(T0, T1, T2)` implements `TryFromVal<E, soroban_sdk::Val>`
              `(T0, T1, T2, T3)` implements `TryFromVal<E, [soroban_sdk::Val; N]>`
            and 261 others
    = note: required for `soroban_sdk::Val` to implement `TryIntoVal<Env, auth::alloc::string::String>`

For more information about this error, try `rustc --explain E0277`.
warning: `invisible-wallet` (lib) generated 5 warnings
error: could not compile `invisible-wallet` (lib) due to 3 previous errors; 5 warnings emitted
