   Compiling invisible-wallet v0.1.0 (C:\Users\OWNER\veil\contracts\invisible_wallet)
error[E0412]: cannot find type `String` in this scope
  --> src\auth.rs:70:12
   |
70 |     rp_id: String,
   |            ^^^^^^
   |
  --> /rustc/ed61e7d7e242494fb7057f2657300d9e77bb4fcb\library\alloc\src\string.rs:2771:1
   |
   = note: similarly named trait `ToString` defined here
help: a trait with a similar name exists
   |
70 |     rp_id: ToString,
   |            ++
help: consider importing one of these structs
   |
 1 + use crate::String;
   |
 1 + use soroban_sdk::String;
   |

error[E0412]: cannot find type `String` in this scope
  --> src\auth.rs:71:13
   |
71 |     origin: String,
   |             ^^^^^^
   |
  --> /rustc/ed61e7d7e242494fb7057f2657300d9e77bb4fcb\library\alloc\src\string.rs:2771:1
   |
   = note: similarly named trait `ToString` defined here
help: a trait with a similar name exists
   |
71 |     origin: ToString,
   |             ++
help: consider importing one of these structs
   |
 1 + use crate::String;
   |
 1 + use soroban_sdk::String;
   |

warning: unexpected `cfg` condition value: `testutils`
  --> src\lib.rs:26:1
   |
26 | #[contract]
   | ^^^^^^^^^^^
   |
   = note: no expected values for `feature`
   = note: using a cfg inside a attribute macro will use the cfgs from the destination crate and not the ones from the defining crate
   = help: try referring to `contract` crate for guidance on how handle this unexpected cfg
   = help: the attribute macro `contract` may come from an old version of the `soroban_sdk_macros` crate, try updating your dependency with `cargo update -p soroban_sdk_macros`
   = note: see <https://doc.rust-lang.org/nightly/rustc/check-cfg/cargo-specifics.html> for more information about checking conditional configuration
   = note: `#[warn(unexpected_cfgs)]` on by default
   = note: this warning originates in the attribute macro `contract` (in Nightly builds, run with -Z macro-backtrace for more info)

warning: unexpected `cfg` condition value: `testutils`
  --> src\lib.rs:29:1
   |
29 | #[contractimpl]
   | ^^^^^^^^^^^^^^^
   |
   = note: no expected values for `feature`
   = note: using a cfg inside a attribute macro will use the cfgs from the destination crate and not the ones from the defining crate
   = help: try referring to `contractimpl` crate for guidance on how handle this unexpected cfg
   = help: the attribute macro `contractimpl` may come from an old version of the `soroban_sdk_macros` crate, try updating your dependency with `cargo update -p soroban_sdk_macros`
   = note: see <https://doc.rust-lang.org/nightly/rustc/check-cfg/cargo-specifics.html> for more information about checking conditional configuration
   = note: this warning originates in the attribute macro `contractimpl` (in Nightly builds, run with -Z macro-backtrace for more info)

warning: unexpected `cfg` condition value: `testutils`
 --> src\storage.rs:3:1
  |
3 | #[contracttype]
  | ^^^^^^^^^^^^^^^
  |
  = note: no expected values for `feature`
  = note: using a cfg inside a attribute macro will use the cfgs from the destination crate and not the ones from the defining crate
  = help: try referring to `contracttype` crate for guidance on how handle this unexpected cfg
  = help: the attribute macro `contracttype` may come from an old version of the `soroban_sdk_macros` crate, try updating your dependency with `cargo update -p soroban_sdk_macros`
  = note: see <https://doc.rust-lang.org/nightly/rustc/check-cfg/cargo-specifics.html> for more information about checking conditional configuration
  = note: this warning originates in the attribute macro `contracttype` (in Nightly builds, run with -Z macro-backtrace for more info)

warning: unexpected `cfg` condition value: `testutils`
  --> src\lib.rs:29:1
   |
29 | #[contractimpl]
   | ^^^^^^^^^^^^^^^
   |
   = note: no expected values for `feature`
   = note: using a cfg inside a attribute macro will use the cfgs from the destination crate and not the ones from the defining crate
   = help: try referring to `soroban_sdk::contractclient` crate for guidance on how handle this unexpected cfg
   = help: the attribute macro `soroban_sdk::contractclient` may come from an old version of the `soroban_sdk_macros` crate, try updating your dependency with `cargo update -p soroban_sdk_macros`
   = note: see <https://doc.rust-lang.org/nightly/rustc/check-cfg/cargo-specifics.html> for more information about checking conditional configuration
   = note: this warning originates in the attribute macro `soroban_sdk::contractclient` (in Nightly builds, run with -Z macro-backtrace for more info)

warning: unused variable: `payload`
   --> src\lib.rs:124:9
    |
124 |         payload: &[u8; 32],
    |         ^^^^^^^ help: if this is intentional, prefix it with an underscore: `_payload`
    |
    = note: `#[warn(unused_variables)]` (part of `#[warn(unused)]`) on by default

For more information about this error, try `rustc --explain E0412`.
warning: `invisible-wallet` (lib test) generated 5 warnings
error: could not compile `invisible-wallet` (lib test) due to 2 previous errors; 5 warnings emitted
